../Core/Src/SI4063.c:40:6:SPI_assert_SS	8	static
../Core/Src/SI4063.c:44:6:SPI_deassert_SS	8	static
../Core/Src/SI4063.c:48:19:SPI_master_transmit	16	static
../Core/Src/SI4063.c:67:6:SI4063_init	48	static
../Core/Src/SI4063.c:128:6:SI4063_deinit	16	static
../Core/Src/SI4063.c:154:6:SI4063_rx_CTS	40	static
../Core/Src/SI4063.c:211:6:SI4063_setup_pins	40	static
../Core/Src/SI4063.c:242:6:SI4063_change_state	32	static
../Core/Src/SI4063.c:257:6:SI4063_start_TX	16	static
../Core/Src/SI4063.c:282:6:SI4063_get_part_info	16	static
../Core/Src/SI4063.c:300:6:SI4063_get_func_info	16	static
../Core/Src/SI4063.c:313:10:SI4063_get_temperature	24	static
../Core/Src/SI4063.c:353:6:SI4063_set_frequency	80	static
../Core/Src/SI4063.c:414:6:SI4063_set_frequency_deviation	32	static
../Core/Src/SI4063.c:443:6:SI4063_set_frequency_offset	32	static
../Core/Src/SI4063.c:480:6:SI4063_set_modulation	32	static
../Core/Src/SI4063.c:521:6:SI4063_set_data_rate	32	static
../Core/Src/SI4063.c:571:6:SI4063_set_PA_mode	32	static
../Core/Src/SI4063.c:601:6:SI4063_set_power_level	32	static
../Core/Src/SI4063.c:632:6:SI4063_set_filter_coefficients	40	static
../Core/Src/SI4063.c:665:6:SI4063_tx_CW_blips	32	static
